// Jest Snapshot v1, https://goo.gl/fbAQLP

exports[`/test/service/slsFunction.test.ts should test dynamic add function 1`] = `
[
  {
    "_category": 2,
    "_level": 2,
    "_paramString": "",
    "_pureRouter": "/api/hello",
    "_weight": 2,
    "controllerId": "",
    "controllerMiddleware": [],
    "description": "",
    "fullUrl": "/api/hello",
    "fullUrlCompiledRegexp": /\\^\\\\/api\\\\/hello\\[\\\\/#\\\\\\?\\]\\?\\$/i,
    "fullUrlFlattenString": "/api/hello",
    "funcHandlerName": "index.hello",
    "functionMetadata": {
      "functionName": "hello",
    },
    "functionName": "hello",
    "functionTriggerMetadata": {
      "method": "get",
      "path": "/api/hello",
    },
    "functionTriggerName": undefined,
    "handlerName": "",
    "id": null,
    "method": [Function],
    "middleware": [],
    "requestMetadata": [],
    "requestMethod": "get",
    "responseMetadata": [],
    "summary": "",
    "url": "/api/hello",
  },
  {
    "_category": 2,
    "_level": 0,
    "_paramString": "",
    "_pureRouter": "",
    "_weight": 0,
    "controllerId": "",
    "controllerMiddleware": [],
    "description": "",
    "funcHandlerName": "index.hsf",
    "functionMetadata": {
      "functionName": "hsf",
    },
    "functionName": "hsf",
    "functionTriggerMetadata": {
      "name": "customHSF",
    },
    "functionTriggerName": "customHSF",
    "handlerName": "",
    "id": null,
    "method": [Function],
    "middleware": [],
    "requestMetadata": [],
    "requestMethod": "",
    "responseMetadata": [],
    "summary": "",
    "url": "",
  },
]
`;

exports[`/test/service/slsFunction.test.ts should test with function router 1`] = `
[
  {
    "_category": 2,
    "_level": 1,
    "_paramString": "",
    "_pureRouter": "/",
    "_weight": 0,
    "controllerClz": [Function],
    "controllerId": "apiController",
    "controllerMiddleware": [
      "auth",
    ],
    "description": "",
    "fullUrl": "/api",
    "fullUrlFlattenString": "/api",
    "funcHandlerName": "apiController.homeSet",
    "handlerName": "apiController.homeSet",
    "method": "homeSet",
    "middleware": [
      "auth2",
    ],
    "prefix": "/api",
    "requestMetadata": [],
    "requestMethod": "get",
    "responseMetadata": [],
    "routerName": "",
    "summary": "",
    "url": "/",
  },
  {
    "_category": 2,
    "_level": 1,
    "_paramString": "",
    "_pureRouter": "/invoke2",
    "_weight": 1,
    "controllerId": "helloHttpService",
    "controllerMiddleware": [],
    "description": "",
    "fullUrl": "/invoke2",
    "fullUrlFlattenString": "/invoke2",
    "funcHandlerName": "index.invoke2",
    "functionMetadata": {
      "functionName": "invoke2",
    },
    "functionName": "invoke2",
    "functionTriggerMetadata": {
      "functionName": "invoke2",
      "handlerName": "index.invoke2",
      "method": "get",
      "path": "/invoke2",
    },
    "functionTriggerName": "http",
    "handlerName": "helloHttpService.invoke2",
    "method": "invoke2",
    "middleware": [],
    "prefix": "/",
    "requestMetadata": [],
    "requestMethod": "get",
    "responseMetadata": [],
    "routerName": "",
    "summary": "",
    "url": "/invoke2",
  },
  {
    "_category": 2,
    "_level": 1,
    "_paramString": "",
    "_pureRouter": "/upload",
    "_weight": 1,
    "controllerId": "helloHttpService",
    "controllerMiddleware": [],
    "description": "",
    "fullUrl": "/upload",
    "fullUrlFlattenString": "/upload",
    "funcHandlerName": "helloHttpService.upload",
    "functionMetadata": {
      "functionName": "helloHttpService-upload",
    },
    "functionName": "helloHttpService-upload",
    "functionTriggerMetadata": {
      "method": "get",
      "middleware": [
        "fmw:upload",
      ],
      "path": "/upload",
    },
    "functionTriggerName": "http",
    "handlerName": "helloHttpService.upload",
    "method": "upload",
    "middleware": [
      "fmw:upload",
    ],
    "prefix": "/",
    "requestMetadata": [],
    "requestMethod": "get",
    "responseMetadata": [],
    "routerName": "",
    "summary": "",
    "url": "/upload",
  },
  {
    "_category": 2,
    "_level": 1,
    "_paramString": "",
    "_pureRouter": "/update",
    "_weight": 1,
    "controllerId": "helloHttpService",
    "controllerMiddleware": [],
    "description": "",
    "fullUrl": "/update",
    "fullUrlFlattenString": "/update",
    "funcHandlerName": "helloHttpService.invoke",
    "functionMetadata": {
      "functionName": "helloHttpService-invoke",
    },
    "functionName": "helloHttpService-invoke",
    "functionTriggerMetadata": {
      "method": "post",
      "middleware": [
        "auth",
      ],
      "path": "/update",
    },
    "functionTriggerName": "apigw",
    "handlerName": "helloHttpService.invoke",
    "method": "invoke",
    "middleware": [
      "auth",
    ],
    "prefix": "/",
    "requestMetadata": [],
    "requestMethod": "post",
    "responseMetadata": [],
    "routerName": "",
    "summary": "",
    "url": "/update",
  },
  {
    "_category": 2,
    "_level": 1,
    "_paramString": "",
    "_pureRouter": "/invoke",
    "_weight": 1,
    "controllerId": "helloHttpService",
    "controllerMiddleware": [],
    "description": "",
    "fullUrl": "/invoke",
    "fullUrlFlattenString": "/invoke",
    "funcHandlerName": "helloHttpService.invoke",
    "functionMetadata": {
      "functionName": "helloHttpService-invoke",
    },
    "functionName": "helloHttpService-invoke",
    "functionTriggerMetadata": {
      "method": "get",
      "path": "/invoke",
    },
    "functionTriggerName": "http",
    "handlerName": "helloHttpService.invoke",
    "method": "invoke",
    "middleware": [],
    "prefix": "/",
    "requestMetadata": [],
    "requestMethod": "get",
    "responseMetadata": [],
    "routerName": "",
    "summary": "",
    "url": "/invoke",
  },
  {
    "_category": 2,
    "_level": 0,
    "_paramString": "",
    "_pureRouter": "",
    "_weight": 0,
    "controllerId": "helloHttpService",
    "controllerMiddleware": [],
    "description": "",
    "funcHandlerName": "helloHttpService.upload",
    "functionMetadata": {
      "functionName": "helloHttpService-upload",
    },
    "functionName": "helloHttpService-upload",
    "functionTriggerMetadata": {},
    "functionTriggerName": "hsf",
    "handlerName": "helloHttpService.upload",
    "method": "upload",
    "middleware": [],
    "prefix": "/",
    "requestMetadata": [],
    "requestMethod": "",
    "responseMetadata": [],
    "routerName": "",
    "summary": "",
    "url": "",
  },
  {
    "_category": 2,
    "_level": 0,
    "_paramString": "",
    "_pureRouter": "",
    "_weight": 0,
    "controllerId": "helloHttpService",
    "controllerMiddleware": [],
    "description": "",
    "funcHandlerName": "helloHttpService.invoke",
    "functionMetadata": {
      "functionName": "helloHttpService-invoke",
    },
    "functionName": "helloHttpService-invoke",
    "functionTriggerMetadata": {
      "payload": "",
      "type": "every",
      "value": "5m",
    },
    "functionTriggerName": "timer",
    "handlerName": "helloHttpService.invoke",
    "method": "invoke",
    "middleware": [],
    "prefix": "/",
    "requestMetadata": [],
    "requestMethod": "",
    "responseMetadata": [],
    "routerName": "",
    "summary": "",
    "url": "",
  },
  {
    "_category": 2,
    "_level": 0,
    "_paramString": "",
    "_pureRouter": "",
    "_weight": 0,
    "controllerId": "helloHttpService",
    "controllerMiddleware": [],
    "description": "",
    "funcHandlerName": "index.invoke3",
    "functionMetadata": {
      "functionName": "invoke3",
      "handlerName": "index.invoke3",
    },
    "functionName": "invoke3",
    "functionTriggerMetadata": {},
    "functionTriggerName": "event",
    "handlerName": "helloHttpService.invoke3",
    "method": "invoke3",
    "middleware": [],
    "prefix": "/",
    "requestMetadata": [],
    "requestMethod": "",
    "responseMetadata": [],
    "routerName": "",
    "summary": "",
    "url": "",
  },
  {
    "_category": 2,
    "_level": 0,
    "_paramString": "",
    "_pureRouter": "",
    "_weight": 0,
    "controllerId": "helloHttpService",
    "controllerMiddleware": [],
    "description": "",
    "funcHandlerName": "index.invoke4",
    "functionMetadata": {
      "functionName": "invoke4",
      "handlerName": "index.invoke4",
    },
    "functionName": "invoke4",
    "functionTriggerMetadata": {
      "handlerName": "index.invoke44",
    },
    "functionTriggerName": "event",
    "handlerName": "helloHttpService.invoke4",
    "method": "invoke4",
    "middleware": [],
    "prefix": "/",
    "requestMetadata": [],
    "requestMethod": "",
    "responseMetadata": [],
    "routerName": "",
    "summary": "",
    "url": "",
  },
]
`;
