// Jest Snapshot v1, https://goo.gl/fbAQLP

exports[`/test/service/webRouterService.test.ts fix issue 2319 1`] = `
[
  "/test/test/asd",
  "/test/asd",
  "/test/**",
  "/**",
]
`;

exports[`/test/service/webRouterService.test.ts should test add router first 1`] = `
[
  {
    "_category": 2,
    "_level": 3,
    "_paramString": "",
    "_pureRouter": "/abc/dddd/efg",
    "_weight": 3,
    "fullUrl": "/abc/dddd/efg",
    "fullUrlFlattenString": "/abc/dddd/efg",
    "method": [Function],
    "requestMethod": "GET",
    "url": "/abc/dddd/efg",
  },
]
`;

exports[`/test/service/webRouterService.test.ts should test generate router and flatten router 1`] = `
{
  "_category": 0,
  "_level": 3,
  "_paramString": "",
  "_pureRouter": "/abc/dddd/",
  "_weight": 2,
  "fullUrl": "/abc/dddd/*",
  "fullUrlCompiledRegexp": /\\^\\\\/abc\\\\/dddd\\(\\?:\\\\/\\(\\.\\*\\)\\)\\[\\\\/#\\\\\\?\\]\\?\\$/i,
  "fullUrlFlattenString": "/abc/dddd/(.*)",
  "method": [Function],
  "requestMethod": "GET",
  "url": "/abc/dddd/*",
}
`;
