// Jest Snapshot v1, https://goo.gl/fbAQLP

exports[`/test/framework/plugin.test.ts plugin decorator should be ok 1`] = `
{
  "bbb": {
    "impl": true,
    "key": "plugin",
    "metadata": {
      "identifier": "bbb",
    },
    "propertyName": "bbb",
  },
  "test": {
    "impl": true,
    "key": "plugin",
    "metadata": {
      "identifier": undefined,
    },
    "propertyName": "test",
  },
}
`;
