// Jest Snapshot v1, https://goo.gl/fbAQLP

exports[`/test/web/paramMapping.test.ts paramMapping decorator should be ok 1`] = `
{
  "doget": [
    {
      "key": "web:router_param",
      "metadata": {
        "propertyData": "common:all_value_key",
        "type": "session",
      },
      "options": {
        "impl": true,
        "pipes": undefined,
      },
      "parameterIndex": 6,
      "propertyName": "doget",
    },
    {
      "key": "web:router_param",
      "metadata": {
        "propertyData": undefined,
        "type": "files_stream",
      },
      "options": {
        "impl": true,
        "pipes": undefined,
      },
      "parameterIndex": 5,
      "propertyName": "doget",
    },
    {
      "key": "web:router_param",
      "metadata": {
        "propertyData": {
          "requireFile": true,
        },
        "type": "file_stream",
      },
      "options": {
        "impl": true,
        "pipes": undefined,
      },
      "parameterIndex": 4,
      "propertyName": "doget",
    },
    {
      "key": "web:router_param",
      "metadata": {
        "propertyData": "tt",
        "type": "headers",
      },
      "options": {
        "impl": true,
        "pipes": undefined,
      },
      "parameterIndex": 3,
      "propertyName": "doget",
    },
    {
      "key": "web:router_param",
      "metadata": {
        "propertyData": "body",
        "type": "body",
      },
      "options": {
        "impl": true,
        "pipes": undefined,
      },
      "parameterIndex": 2,
      "propertyName": "doget",
    },
    {
      "key": "web:router_param",
      "metadata": {
        "propertyData": "bb",
        "type": "query",
      },
      "options": {
        "impl": true,
        "pipes": undefined,
      },
      "parameterIndex": 1,
      "propertyName": "doget",
    },
    {
      "key": "web:router_param",
      "metadata": {
        "propertyData": "aa",
        "type": "param",
      },
      "options": {
        "impl": true,
        "pipes": undefined,
      },
      "parameterIndex": 0,
      "propertyName": "doget",
    },
  ],
}
`;
