// Jest Snapshot v1, https://goo.gl/fbAQLP

exports[`/test/web/paramMapping.test.ts paramMapping decorator should be ok 1`] = `
{
  "doget": [
    {
      "impl": true,
      "key": "web:router_param",
      "metadata": {
        "pipes": undefined,
        "propertyData": [Function],
        "type": 12,
      },
      "options": {},
      "parameterIndex": 7,
      "propertyName": "doget",
    },
    {
      "impl": true,
      "key": "web:router_param",
      "metadata": {
        "pipes": undefined,
        "propertyData": "common:all_value_key",
        "type": 4,
      },
      "options": {},
      "parameterIndex": 6,
      "propertyName": "doget",
    },
    {
      "impl": true,
      "key": "web:router_param",
      "metadata": {
        "pipes": undefined,
        "propertyData": undefined,
        "type": 6,
      },
      "options": {},
      "parameterIndex": 5,
      "propertyName": "doget",
    },
    {
      "impl": true,
      "key": "web:router_param",
      "metadata": {
        "pipes": undefined,
        "propertyData": {
          "requireFile": true,
        },
        "type": 5,
      },
      "options": {},
      "parameterIndex": 4,
      "propertyName": "doget",
    },
    {
      "impl": true,
      "key": "web:router_param",
      "metadata": {
        "pipes": undefined,
        "propertyData": "tt",
        "type": 3,
      },
      "options": {},
      "parameterIndex": 3,
      "propertyName": "doget",
    },
    {
      "impl": true,
      "key": "web:router_param",
      "metadata": {
        "pipes": undefined,
        "propertyData": "body",
        "type": 1,
      },
      "options": {},
      "parameterIndex": 2,
      "propertyName": "doget",
    },
    {
      "impl": true,
      "key": "web:router_param",
      "metadata": {
        "pipes": undefined,
        "propertyData": "bb",
        "type": 0,
      },
      "options": {},
      "parameterIndex": 1,
      "propertyName": "doget",
    },
    {
      "impl": true,
      "key": "web:router_param",
      "metadata": {
        "pipes": undefined,
        "propertyData": "aa",
        "type": 2,
      },
      "options": {},
      "parameterIndex": 0,
      "propertyName": "doget",
    },
  ],
}
`;
