// Jest Snapshot v1, https://goo.gl/fbAQLP

exports[`/test/annotation/framework.test.ts test framework decorator 1`] = `
{
  "scope": "Singleton",
}
`;
