// Jest Snapshot v1, https://goo.gl/fbAQLP

exports[`/test/annotation/middleware.test.ts test middleware decorator 1`] = `
{
  "scope": "Singleton",
}
`;
