// Jest Snapshot v1, https://goo.gl/fbAQLP

exports[`/test/index.test.ts should test casbin api 1`] = `
[
  [
    "alice",
    "data1",
    "read",
  ],
  [
    "bob",
    "data2",
    "write",
  ],
]
`;
