// Jest Snapshot v1, https://goo.gl/fbAQLP

exports[`/test/framework/app.test.ts app decorator should be ok 1`] = `
{
  "container": {
    "impl": true,
    "key": "__midway_application_context__",
    "metadata": {},
    "propertyName": "container",
  },
  "hhh": {
    "impl": true,
    "key": "__midway_framework_app__",
    "metadata": {
      "type": undefined,
    },
    "propertyName": "hhh",
  },
}
`;
