// Jest Snapshot v1, https://goo.gl/fbAQLP

exports[`/test/framework/config.test.ts config decorator should be ok 1`] = `
{
  "allConfig": [
    {
      "key": "config",
      "metadata": {
        "identifier": "common:all_value_key",
      },
      "options": {
        "impl": true,
      },
      "propertyName": "allConfig",
    },
  ],
  "bbb": [
    {
      "key": "config",
      "metadata": {
        "identifier": "bbb",
      },
      "options": {
        "impl": true,
      },
      "propertyName": "bbb",
    },
  ],
  "hhh": [
    {
      "key": "config",
      "metadata": {
        "identifier": undefined,
      },
      "options": {
        "impl": true,
      },
      "propertyName": "hhh",
    },
  ],
}
`;
