// Jest Snapshot v1, https://goo.gl/fbAQLP

exports[`/test/framework/logger.test.ts logger decorator should be ok 1`] = `
{
  "bbb": {
    "impl": true,
    "key": "logger",
    "metadata": {
      "identifier": "bbb",
    },
    "propertyName": "bbb",
  },
  "logger": {
    "impl": true,
    "key": "logger",
    "metadata": {
      "identifier": undefined,
    },
    "propertyName": "logger",
  },
}
`;
