// Jest Snapshot v1, https://goo.gl/fbAQLP

exports[`/test/annotation/pipeline.test.ts pipeline decorator should be ok 1`] = `
{
  "dd": [
    {
      "key": "__pipeline_identifier__",
      "metadata": {
        "valves": undefined,
      },
      "options": {
        "impl": true,
      },
      "propertyName": "dd",
    },
  ],
}
`;
