// Jest Snapshot v1, https://goo.gl/fbAQLP

exports[`test/pipe.test.ts should test pipe decorator 1`] = `
{
  "scope": "Singleton",
}
`;
