// Jest Snapshot v1, https://goo.gl/fbAQLP

exports[`/test/annotation/task.test.ts test task decorator 1`] = `
[
  {
    "name": "CustomFramework",
    "options": {
      "repeat": {
        "cron": "0 * * * * *",
      },
    },
    "propertyKey": "runTask",
    "value": [Function],
  },
]
`;

exports[`/test/annotation/task.test.ts test task decorator 2`] = `
[
  {
    "options": "0 * * * * *",
    "propertyKey": "runLocalTask",
    "value": [Function],
  },
]
`;

exports[`/test/annotation/task.test.ts test task decorator 3`] = `undefined`;
